ERROR FOR 9
error 0: 5.199249841183749
error 1: 3.8648366327593853
error 2: 3.923418118165382
error 3: 4.7774508307504036
error 4: 5.395430389697908
error 5: 1.6001150993026252

ERROR FOR 10
error 0: 5.783386828983147
error 1: 3.9743226281781343
error 2: 4.915546049915456
error 3: 5.335531647031306
error 4: 4.801927796621198
error 5: 2.099312906278496
ERROR FOR 9
error 0: 5.199249841183749
error 1: 3.8648366327593853
error 2: 3.923418118165382
error 3: 4.7774508307504036
error 4: 5.395430389697908
error 5: 1.6001150993026252
ERROR FOR 54
error 0: 6.5311239167842166
error 1: 1.2376116659792964
error 2: 3.395847384182595
error 3: 7.642904946174278
error 4: 5.460746411760381
error 5: 16.34173247591266
ERROR FOR 55
error 0: 4.824066577331114
error 1: 1.4218664896302802
error 2: 2.6963169399850315
error 3: 8.610911615302195
error 4: 6.052291106339014
error 5: 16.59910588263156
ERROR FOR 56
error 0: 5.9844810372207355
error 1: 3.5046479263883423
error 2: 2.6480251922442206
error 3: 6.795965133062036
error 4: 4.390086632769234
error 5: 16.218993905850567
